// Jest Snapshot v1, https://goo.gl/fbAQLP

exports[`semver - should those tests break, consider releasing a new major version of the package custom config 1`] = `
Object {
  "env": Object {
    "browser": true,
    "commonjs": true,
    "es6": true,
    "jest": true,
    "node": true,
  },
  "extends": Array [
    "airbnb",
    "prettier",
    "prettier/react",
  ],
  "plugins": Array [
    "prettier",
  ],
  "rules": Object {
    "arrow-body-style": Array [
      0,
    ],
    "eol-last": Array [
      1,
    ],
    "id-length": Array [
      0,
    ],
    "import/no-extraneous-dependencies": Array [
      2,
      Object {
        "devDependencies": true,
        "optionalDependencies": false,
        "peerDependencies": false,
      },
    ],
    "import/prefer-default-export": Array [
      0,
    ],
    "indent": Array [
      2,
      4,
    ],
    "jsx-a11y/label-has-for": Array [
      0,
    ],
    "jsx-quotes": Array [
      1,
      "prefer-double",
    ],
    "max-len": Array [
      1,
      120,
      4,
      Object {
        "ignoreUrls": true,
      },
    ],
    "no-console": Array [
      1,
      Object {
        "allow": Array [
          "warn",
          "error",
          "time",
          "timeEnd",
        ],
      },
    ],
    "no-multi-spaces": Array [
      0,
    ],
    "no-new": Array [
      1,
    ],
    "no-param-reassign": Array [
      2,
      Object {
        "props": false,
      },
    ],
    "no-plusplus": Array [
      0,
    ],
    "no-warning-comments": Array [
      1,
      Object {
        "location": "start",
        "terms": Array [
          "todo",
          "fixme",
          "xxx",
        ],
      },
    ],
    "object-shorthand": Array [
      2,
      "methods",
    ],
    "prettier/prettier": Array [
      "error",
      Object {
        "printWidth": 80,
        "singleQuote": true,
        "tabWidth": 4,
        "trailingComma": "all",
      },
    ],
    "react/forbid-prop-types": Array [
      2,
      Object {
        "forbid": Array [
          "any",
        ],
      },
    ],
    "react/jsx-boolean-value": Array [
      0,
    ],
    "react/jsx-filename-extension": Array [
      2,
      Object {
        "extensions": Array [
          ".js",
        ],
      },
    ],
    "react/jsx-indent": Array [
      2,
      4,
    ],
    "react/jsx-indent-props": Array [
      2,
      4,
    ],
    "react/jsx-no-bind": Array [
      0,
    ],
    "react/sort-comp": Array [
      0,
    ],
  },
}
`;

exports[`semver - should those tests break, consider releasing a new major version of the package dependencies 1`] = `
Object {
  "eslint-config-airbnb": "^15.1.0",
  "eslint-config-prettier": "^2.3.0",
}
`;

exports[`semver - should those tests break, consider releasing a new major version of the package peerDependencies 1`] = `
Object {
  "eslint": "^3.19.0 || ^4.3.0",
  "eslint-plugin-import": "^2.7.0",
  "eslint-plugin-jsx-a11y": "^5.1.1",
  "eslint-plugin-react": "^7.1.0",
  "prettier": "~1.5.3",
}
`;
